// Jest Snapshot v1, https://goo.gl/fbAQLP

exports[`<AboutRoute /> renders 1`] = `
<div
  classNames="aboutWrapper"
>
  <HelmetWrapper
    encodeSpecialCharacters={true}
  >
    <title>
      About
    </title>
  </HelmetWrapper>
  <p>
    Produced with ❤️
  </p>
</div>
`;
